../Drivers/CMSIS/Include/core_cm4.h:2064:26:ITM_SendChar	16	static,ignoring_inline_asm
../Core/Src/main.c:62:5:_write	32	static
../Core/Src/main.c:83:5:main	8	static
../Core/Src/main.c:142:6:SystemClock_Config	88	static
../Core/Src/main.c:189:13:MX_I2C1_Init	8	static
../Core/Src/main.c:223:13:MX_I2C2_Init	8	static
../Core/Src/main.c:257:13:MX_TIM2_Init	64	static
../Core/Src/main.c:322:13:MX_TIM5_Init	32	static
../Core/Src/main.c:367:13:MX_GPIO_Init	48	static
../Core/Src/main.c:411:6:Error_Handler	4	static,ignoring_inline_asm
