../Drivers/CMSIS/Include/core_cm4.h:2064:26:ITM_SendChar	16	static,ignoring_inline_asm
../Core/Src/main.c:69:5:_write	32	static
../Core/Src/main.c:94:5:main	16	static
../Core/Src/main.c:166:6:SystemClock_Config	88	static
../Core/Src/main.c:213:13:MX_I2C1_Init	8	static
../Core/Src/main.c:247:13:MX_I2C2_Init	8	static
../Core/Src/main.c:281:13:MX_I2C3_Init	8	static
../Core/Src/main.c:315:13:MX_TIM2_Init	64	static
../Core/Src/main.c:378:13:MX_TIM5_Init	64	static
../Core/Src/main.c:437:13:MX_USART1_UART_Init	8	static
../Core/Src/main.c:470:13:MX_USART6_UART_Init	8	static
../Core/Src/main.c:503:13:MX_GPIO_Init	48	static
../Core/Src/main.c:547:6:Error_Handler	4	static,ignoring_inline_asm
